2026-10-08T12:34:34.595Z  > ?
    <Idle|MPos:-1.0000,-1.0000,-1.0000,0.0000,0.0000|WPos:147.4000,123.8000,64.1181,0.0000,0.0000|F:0.0,2000.0,100.0|S:0.0,10000.0,100.0,0,25.8,24.0,0,0,0,0|T:0,0.000,-1|L:0, 0, 0, 0.0,100.0|C:3,1,0,1|E:0,0,0,692,7610|OTA:0,0>
    (1 frame(s), 921 ms)
2026-10-08T12:35:02.868Z  > G28
    ok
    G28 means goto clearance position on CARVERA
    (2 frame(s), 928 ms)
2026-10-08T12:35:04.107Z  > ?
    <Run|MPos:-8.5363,-10.6694,-3.0000,0.0000,0.0000|WPos:139.8637,114.1306,62.1181,0.0000,0.0000|F:1521.4,2000.0,100.0|S:0.0,10000.0,100.0,0,25.9,24.0,0,0,0,0|T:0,0.000,-1|L:0, 0, 0, 0.0,100.0|C:3,1,0,1|E:0,0,0,692,7610|OTA:0,0>
    (1 frame(s), 907 ms)
2026-10-08T12:35:05.542Z  > ?
    <Idle|MPos:-11.6000,-14.6000,-3.0000,0.0000,0.0000|WPos:136.8000,110.2000,62.1181,0.0000,0.0000|F:0.0,2000.0,100.0|S:0.0,10000.0,100.0,0,25.8,24.0,0,0,0,0|T:0,0.000,-1|L:0, 0, 0, 0.0,100.0|C:3,1,0,1|E:0,0,0,692,7610|OTA:0,0>
    (1 frame(s), 909 ms)
2026-10-08T12:35:06.881Z  > ?
    <Idle|MPos:-11.6000,-14.6000,-3.0000,0.0000,0.0000|WPos:136.8000,110.2000,62.1181,0.0000,0.0000|F:0.0,2000.0,100.0|S:0.0,10000.0,100.0,0,25.9,24.0,0,0,0,0|T:0,0.000,-1|L:0, 0, 0, 0.0,100.0|C:3,1,0,1|E:0,0,0,692,7610|OTA:0,0>
    (1 frame(s), 895 ms)
2026-10-08T12:35:08.284Z  > ?
    <Idle|MPos:-11.6000,-14.6000,-3.0000,0.0000,0.0000|WPos:136.8000,110.2000,62.1181,0.0000,0.0000|F:0.0,2000.0,100.0|S:0.0,10000.0,100.0,0,25.9,24.0,0,0,0,0|T:0,0.000,-1|L:0, 0, 0, 0.0,100.0|C:3,1,0,1|E:0,0,0,692,7610|OTA:0,0>
    (1 frame(s), 921 ms)
2026-10-08T13:30:22.305Z  > G28
    ok
    G28 means goto clearance position on CARVERA
    (2 frame(s), 913 ms)
2026-10-08T13:30:23.524Z  > ?
    <Run|MPos:-10.7956,-13.5681,-3.0000,0.0000,0.0000|WPos:137.6044,111.2319,62.1181,0.0000,0.0000|F:1521.4,2000.0,100.0|S:0.0,10000.0,100.0,0,29.3,24.8,0,0,0,0|T:0,0.000,-1|L:0, 0, 0, 0.0,100.0|C:3,1,0,1|E:0,0,0,692,7610|OTA:0,0>
    (1 frame(s), 1004 ms)
2026-10-08T13:30:24.954Z  > ?
    <Idle|MPos:-11.6000,-14.6000,-3.0000,0.0000,0.0000|WPos:136.8000,110.2000,62.1181,0.0000,0.0000|F:0.0,2000.0,100.0|S:0.0,10000.0,100.0,0,29.3,24.8,0,0,0,0|T:0,0.000,-1|L:0, 0, 0, 0.0,100.0|C:3,1,0,1|E:0,0,0,692,7610|OTA:0,0>
    (1 frame(s), 901 ms)
2026-10-08T13:30:26.305Z  > ?
    <Idle|MPos:-11.6000,-14.6000,-3.0000,0.0000,0.0000|WPos:136.8000,110.2000,62.1181,0.0000,0.0000|F:0.0,2000.0,100.0|S:0.0,10000.0,100.0,0,29.3,24.8,0,0,0,0|T:0,0.000,-1|L:0, 0, 0, 0.0,100.0|C:3,1,0,1|E:0,0,0,692,7610|OTA:0,0>
    (1 frame(s), 1100 ms)
2026-10-08T13:30:27.838Z  > ?
    <Idle|MPos:-11.6000,-14.6000,-3.0000,0.0000,0.0000|WPos:136.8000,110.2000,62.1181,0.0000,0.0000|F:0.0,2000.0,100.0|S:0.0,10000.0,100.0,0,29.3,24.8,0,0,0,0|T:0,0.000,-1|L:0, 0, 0, 0.0,100.0|C:3,1,0,1|E:0,0,0,692,7610|OTA:0,0>
    (1 frame(s), 1087 ms)
2026-10-08T13:30:31.616Z  > G53 G0 X-100
    ok
    (1 frame(s), 909 ms)
2026-10-08T13:30:32.737Z  > ?
    <Run|MPos:-25.7981,-14.6000,-3.0000,0.0000,0.0000|WPos:122.6019,110.2000,62.1181,0.0000,0.0000|F:1200.0,2000.0,100.0|S:0.0,10000.0,100.0,0,29.3,24.8,0,0,0,0|T:0,0.000,-1|L:0, 0, 0, 0.0,100.0|C:3,1,0,1|E:0,0,0,692,7610|OTA:0,0>
    (1 frame(s), 912 ms)
2026-10-08T13:30:34.058Z  > ?
    <Run|MPos:-55.6769,-14.6000,-3.0000,0.0000,0.0000|WPos:92.7231,110.2000,62.1181,0.0000,0.0000|F:1200.0,2000.0,100.0|S:0.0,10000.0,100.0,0,29.3,24.8,0,0,0,0|T:0,0.000,-1|L:0, 0, 0, 0.0,100.0|C:3,1,0,1|E:0,0,0,692,7610|OTA:0,0>
    (1 frame(s), 915 ms)
2026-10-08T13:30:35.411Z  > ?
    <Run|MPos:-79.5813,-14.6000,-3.0000,0.0000,0.0000|WPos:68.8187,110.2000,62.1181,0.0000,0.0000|F:1200.0,2000.0,100.0|S:0.0,10000.0,100.0,0,29.3,24.8,0,0,0,0|T:0,0.000,-1|L:0, 0, 0, 0.0,100.0|C:3,1,0,1|E:0,0,0,692,7610|OTA:0,0>
    (1 frame(s), 921 ms)
2026-10-08T13:30:36.744Z  > ?
    <Idle|MPos:-100.0000,-14.6000,-3.0000,0.0000,0.0000|WPos:48.4000,110.2000,62.1181,0.0000,0.0000|F:0.0,2000.0,100.0|S:0.0,10000.0,100.0,0,29.3,24.8,0,0,0,0|T:0,0.000,-1|L:0, 0, 0, 0.0,100.0|C:3,1,0,1|E:0,0,0,692,7610|OTA:0,0>
    (1 frame(s), 1209 ms)
2026-10-08T13:30:38.375Z  > ?
    <Idle|MPos:-100.0000,-14.6000,-3.0000,0.0000,0.0000|WPos:48.4000,110.2000,62.1181,0.0000,0.0000|F:0.0,2000.0,100.0|S:0.0,10000.0,100.0,0,29.3,24.8,0,0,0,0|T:0,0.000,-1|L:0, 0, 0, 0.0,100.0|C:3,1,0,1|E:0,0,0,692,7610|OTA:0,0>
    (1 frame(s), 906 ms)
2026-10-08T13:30:39.815Z  > ?
    <Idle|MPos:-100.0000,-14.6000,-3.0000,0.0000,0.0000|WPos:48.4000,110.2000,62.1181,0.0000,0.0000|F:0.0,2000.0,100.0|S:0.0,10000.0,100.0,0,29.3,24.8,0,0,0,0|T:0,0.000,-1|L:0, 0, 0, 0.0,100.0|C:3,1,0,1|E:0,0,0,692,7610|OTA:0,0>
    (1 frame(s), 910 ms)
2026-10-08T13:32:02.135Z  > G53 G0 Y-100
    ok
    (1 frame(s), 905 ms)
2026-10-08T13:32:03.252Z  > ?
    <Run|MPos:-100.0000,-30.9719,-3.0000,0.0000,0.0000|WPos:48.4000,93.8281,62.1181,0.0000,0.0000|F:1200.0,2000.0,100.0|S:0.0,10000.0,100.0,0,29.4,24.6,0,0,0,0|T:0,0.000,-1|L:0, 0, 0, 0.0,100.0|C:3,1,0,1|E:0,0,0,692,7610|OTA:0,0>
    (1 frame(s), 911 ms)
2026-10-08T13:32:04.598Z  > ?
    <Run|MPos:-100.0000,-60.8519,-3.0000,0.0000,0.0000|WPos:48.4000,63.9481,62.1181,0.0000,0.0000|F:1200.0,2000.0,100.0|S:0.0,10000.0,100.0,0,29.4,24.6,0,0,0,0|T:0,0.000,-1|L:0, 0, 0, 0.0,100.0|C:3,1,0,1|E:0,0,0,692,7610|OTA:0,0>
    (1 frame(s), 890 ms)
2026-10-08T13:32:05.925Z  > ?
    <Run|MPos:-100.0000,-84.7562,-3.0000,0.0000,0.0000|WPos:48.4000,40.0438,62.1181,0.0000,0.0000|F:1200.0,2000.0,100.0|S:0.0,10000.0,100.0,0,29.3,24.6,0,0,0,0|T:0,0.000,-1|L:0, 0, 0, 0.0,100.0|C:3,1,0,1|E:0,0,0,692,7610|OTA:0,0>
    (1 frame(s), 912 ms)
2026-10-08T13:32:07.249Z  > ?
    <Idle|MPos:-100.0000,-100.0000,-3.0000,0.0000,0.0000|WPos:48.4000,24.8000,62.1181,0.0000,0.0000|F:0.0,2000.0,100.0|S:0.0,10000.0,100.0,0,29.3,24.6,0,0,0,0|T:0,0.000,-1|L:0, 0, 0, 0.0,100.0|C:3,1,0,1|E:0,0,0,692,7610|OTA:0,0>
    (1 frame(s), 1016 ms)
2026-10-08T13:32:08.681Z  > ?
    <Idle|MPos:-100.0000,-100.0000,-3.0000,0.0000,0.0000|WPos:48.4000,24.8000,62.1181,0.0000,0.0000|F:0.0,2000.0,100.0|S:0.0,10000.0,100.0,0,29.4,24.6,0,0,0,0|T:0,0.000,-1|L:0, 0, 0, 0.0,100.0|C:3,1,0,1|E:0,0,0,692,7610|OTA:0,0>
    (1 frame(s), 915 ms)
2026-10-08T13:32:10.030Z  > ?
    <Idle|MPos:-100.0000,-100.0000,-3.0000,0.0000,0.0000|WPos:48.4000,24.8000,62.1181,0.0000,0.0000|F:0.0,2000.0,100.0|S:0.0,10000.0,100.0,0,29.4,24.6,0,0,0,0|T:0,0.000,-1|L:0, 0, 0, 0.0,100.0|C:3,1,0,1|E:0,0,0,692,7610|OTA:0,0>
    (1 frame(s), 981 ms)
2026-10-08T13:47:46.387Z  > G53 G0 X-180
    ok
    (1 frame(s), 912 ms)
2026-10-08T13:47:47.506Z  > ?
    <Run|MPos:-118.5806,-100.0000,-3.0000,0.0000,0.0000|WPos:29.8194,24.8000,62.1181,0.0000,0.0000|F:1200.0,2000.0,100.0|S:0.0,10000.0,100.0,0,29.7,24.6,0,0,0,0|T:0,0.000,-1|L:0, 0, 0, 0.0,100.0|C:3,1,0,1|E:0,0,0,692,7610|OTA:0,0>
    (1 frame(s), 919 ms)
2026-10-08T13:47:48.909Z  > ?
    <Run|MPos:-142.4850,-100.0000,-3.0000,0.0000,0.0000|WPos:5.9150,24.8000,62.1181,0.0000,0.0000|F:1200.0,2000.0,100.0|S:0.0,10000.0,100.0,0,29.7,24.6,0,0,0,0|T:0,0.000,-1|L:0, 0, 0, 0.0,100.0|C:3,1,0,1|E:0,0,0,692,7610|OTA:0,0>
    (1 frame(s), 935 ms)
2026-10-08T13:47:50.260Z  > ?
    <Run|MPos:-172.3744,-100.0000,-3.0000,0.0000,0.0000|WPos:-23.9744,24.8000,62.1181,0.0000,0.0000|F:1200.0,2000.0,100.0|S:0.0,10000.0,100.0,0,29.7,24.6,0,0,0,0|T:0,0.000,-1|L:0, 0, 0, 0.0,100.0|C:3,1,0,1|E:0,0,0,692,7610|OTA:0,0>
    (1 frame(s), 904 ms)
2026-10-08T13:47:51.695Z  > ?
    <Idle|MPos:-180.0000,-100.0000,-3.0000,0.0000,0.0000|WPos:-31.6000,24.8000,62.1181,0.0000,0.0000|F:0.0,2000.0,100.0|S:0.0,10000.0,100.0,0,29.7,24.6,0,0,0,0|T:0,0.000,-1|L:0, 0, 0, 0.0,100.0|C:3,1,0,1|E:0,0,0,692,7610|OTA:0,0>
    (1 frame(s), 920 ms)
2026-10-08T13:47:53.030Z  > ?
    <Idle|MPos:-180.0000,-100.0000,-3.0000,0.0000,0.0000|WPos:-31.6000,24.8000,62.1181,0.0000,0.0000|F:0.0,2000.0,100.0|S:0.0,10000.0,100.0,0,29.7,24.6,0,0,0,0|T:0,0.000,-1|L:0, 0, 0, 0.0,100.0|C:3,1,0,1|E:0,0,0,692,7610|OTA:0,0>
    (1 frame(s), 913 ms)
2026-10-08T13:47:54.367Z  > ?
    <Idle|MPos:-180.0000,-100.0000,-3.0000,0.0000,0.0000|WPos:-31.6000,24.8000,62.1181,0.0000,0.0000|F:0.0,2000.0,100.0|S:0.0,10000.0,100.0,0,29.6,24.6,0,0,0,0|T:0,0.000,-1|L:0, 0, 0, 0.0,100.0|C:3,1,0,1|E:0,0,0,692,7610|OTA:0,0>
    (1 frame(s), 916 ms)
2026-10-08T13:47:58.845Z  > G53 G0 Y-180
    ok
    (1 frame(s), 908 ms)
2026-10-08T13:47:59.992Z  > ?
    <Run|MPos:-180.0000,-115.7838,-3.0000,0.0000,0.0000|WPos:-31.6000,9.0163,62.1181,0.0000,0.0000|F:1200.0,2000.0,100.0|S:0.0,10000.0,100.0,0,29.7,24.6,0,0,0,0|T:0,0.000,-1|L:0, 0, 0, 0.0,100.0|C:3,1,0,1|E:0,0,0,692,7610|OTA:0,0>
    (1 frame(s), 903 ms)
2026-10-08T13:48:01.325Z  > ?
    <Run|MPos:-180.0000,-145.6662,-3.0000,0.0000,0.0000|WPos:-31.6000,-20.8662,62.1181,0.0000,0.0000|F:1200.0,2000.0,100.0|S:0.0,10000.0,100.0,0,29.7,24.6,0,0,0,0|T:0,0.000,-1|L:0, 0, 0, 0.0,100.0|C:3,1,0,1|E:0,0,0,692,7610|OTA:0,0>
    (1 frame(s), 924 ms)
2026-10-08T13:48:02.657Z  > ?
    <Run|MPos:-180.0000,-169.5706,-3.0000,0.0000,0.0000|WPos:-31.6000,-44.7706,62.1181,0.0000,0.0000|F:1200.0,2000.0,100.0|S:0.0,10000.0,100.0,0,29.7,24.6,0,0,0,0|T:0,0.000,-1|L:0, 0, 0, 0.0,100.0|C:3,1,0,1|E:0,0,0,692,7610|OTA:0,0>
    (1 frame(s), 901 ms)
2026-10-08T13:48:03.993Z  > ?
    <Idle|MPos:-180.0000,-180.0000,-3.0000,0.0000,0.0000|WPos:-31.6000,-55.2000,62.1181,0.0000,0.0000|F:0.0,2000.0,100.0|S:0.0,10000.0,100.0,0,29.7,24.6,0,0,0,0|T:0,0.000,-1|L:0, 0, 0, 0.0,100.0|C:3,1,0,1|E:0,0,0,692,7610|OTA:0,0>
    (1 frame(s), 921 ms)
2026-10-08T13:48:05.341Z  > ?
    <Idle|MPos:-180.0000,-180.0000,-3.0000,0.0000,0.0000|WPos:-31.6000,-55.2000,62.1181,0.0000,0.0000|F:0.0,2000.0,100.0|S:0.0,10000.0,100.0,0,29.7,24.6,0,0,0,0|T:0,0.000,-1|L:0, 0, 0, 0.0,100.0|C:3,1,0,1|E:0,0,0,692,7610|OTA:0,0>
    (1 frame(s), 914 ms)
2026-10-08T13:48:06.662Z  > ?
    <Idle|MPos:-180.0000,-180.0000,-3.0000,0.0000,0.0000|WPos:-31.6000,-55.2000,62.1181,0.0000,0.0000|F:0.0,2000.0,100.0|S:0.0,10000.0,100.0,0,29.7,24.6,0,0,0,0|T:0,0.000,-1|L:0, 0, 0, 0.0,100.0|C:3,1,0,1|E:0,0,0,692,7610|OTA:0,0>
    (1 frame(s), 926 ms)
2026-10-08T13:48:52.300Z  > G91
    ok
    (1 frame(s), 901 ms)
2026-10-08T13:48:53.459Z  > ?
    <Idle|MPos:-180.0000,-180.0000,-3.0000,0.0000,0.0000|WPos:-31.6000,-55.2000,62.1181,0.0000,0.0000|F:0.0,2000.0,100.0|S:0.0,10000.0,100.0,0,29.7,24.6,0,0,0,0|T:0,0.000,-1|L:0, 0, 0, 0.0,100.0|C:3,1,0,0|E:0,0,0,692,7610|OTA:0,0>
    (1 frame(s), 904 ms)
2026-10-08T13:48:54.773Z  > ?
    <Idle|MPos:-180.0000,-180.0000,-3.0000,0.0000,0.0000|WPos:-31.6000,-55.2000,62.1181,0.0000,0.0000|F:0.0,2000.0,100.0|S:0.0,10000.0,100.0,0,29.7,24.6,0,0,0,0|T:0,0.000,-1|L:0, 0, 0, 0.0,100.0|C:3,1,0,0|E:0,0,0,692,7610|OTA:0,0>
    (1 frame(s), 838 ms)
2026-10-08T13:48:55.823Z  > G1 X-5 F300
    ok
    (1 frame(s), 994 ms)
2026-10-08T13:48:57.012Z  > ?
    <Run|MPos:-184.0481,-180.0000,-3.0000,0.0000,0.0000|WPos:-35.6481,-55.2000,62.1181,0.0000,0.0000|F:300.0,300.0,100.0|S:0.0,10000.0,100.0,0,29.7,24.6,0,0,0,0|T:0,0.000,-1|L:0, 0, 0, 0.0,100.0|C:3,1,0,0|E:0,0,0,692,7610|OTA:0,0>
    (1 frame(s), 940 ms)
2026-10-08T13:48:58.367Z  > ?
    <Idle|MPos:-185.0000,-180.0000,-3.0000,0.0000,0.0000|WPos:-36.6000,-55.2000,62.1181,0.0000,0.0000|F:0.0,300.0,100.0|S:0.0,10000.0,100.0,0,29.7,24.6,0,0,0,0|T:0,0.000,-1|L:0, 0, 0, 0.0,100.0|C:3,1,0,0|E:0,0,0,692,7610|OTA:0,0>
    (1 frame(s), 920 ms)
2026-10-08T13:48:59.702Z  > ?
    <Idle|MPos:-185.0000,-180.0000,-3.0000,0.0000,0.0000|WPos:-36.6000,-55.2000,62.1181,0.0000,0.0000|F:0.0,300.0,100.0|S:0.0,10000.0,100.0,0,29.7,24.6,0,0,0,0|T:0,0.000,-1|L:0, 0, 0, 0.0,100.0|C:3,1,0,0|E:0,0,0,692,7610|OTA:0,0>
    (1 frame(s), 924 ms)
2026-10-08T13:49:01.329Z  > G1 X-5 F300
    ok
    (1 frame(s), 994 ms)
2026-10-08T13:49:02.477Z  > ?
    <Run|MPos:-188.4506,-180.0000,-3.0000,0.0000,0.0000|WPos:-40.0506,-55.2000,62.1181,0.0000,0.0000|F:300.0,300.0,100.0|S:0.0,10000.0,100.0,0,29.7,24.6,0,0,0,0|T:0,0.000,-1|L:0, 0, 0, 0.0,100.0|C:3,1,0,0|E:0,0,0,692,7610|OTA:0,0>
    (1 frame(s), 892 ms)
2026-10-08T13:49:03.795Z  > ?
    <Idle|MPos:-190.0000,-180.0000,-3.0000,0.0000,0.0000|WPos:-41.6000,-55.2000,62.1181,0.0000,0.0000|F:0.0,300.0,100.0|S:0.0,10000.0,100.0,0,29.7,24.6,0,0,0,0|T:0,0.000,-1|L:0, 0, 0, 0.0,100.0|C:3,1,0,0|E:0,0,0,692,7610|OTA:0,0>
    (1 frame(s), 1021 ms)
2026-10-08T13:49:05.226Z  > ?
    <Idle|MPos:-190.0000,-180.0000,-3.0000,0.0000,0.0000|WPos:-41.6000,-55.2000,62.1181,0.0000,0.0000|F:0.0,300.0,100.0|S:0.0,10000.0,100.0,0,29.7,24.6,0,0,0,0|T:0,0.000,-1|L:0, 0, 0, 0.0,100.0|C:3,1,0,0|E:0,0,0,692,7610|OTA:0,0>
    (1 frame(s), 822 ms)
2026-10-08T13:49:06.645Z  > G1 X-5 F300
    ok
    (1 frame(s), 999 ms)
2026-10-08T13:49:07.798Z  > ?
    <Run|MPos:-193.8431,-180.0000,-3.0000,0.0000,0.0000|WPos:-45.4431,-55.2000,62.1181,0.0000,0.0000|F:300.0,300.0,100.0|S:0.0,10000.0,100.0,0,29.7,24.6,0,0,0,0|T:0,0.000,-1|L:0, 0, 0, 0.0,100.0|C:3,1,0,0|E:0,0,0,692,7610|OTA:0,0>
    (1 frame(s), 905 ms)
2026-10-08T13:49:09.121Z  > ?
    <Idle|MPos:-195.0000,-180.0000,-3.0000,0.0000,0.0000|WPos:-46.6000,-55.2000,62.1181,0.0000,0.0000|F:0.0,300.0,100.0|S:0.0,10000.0,100.0,0,29.7,24.6,0,0,0,0|T:0,0.000,-1|L:0, 0, 0, 0.0,100.0|C:3,1,0,0|E:0,0,0,692,7610|OTA:0,0>
    (1 frame(s), 917 ms)
2026-10-08T13:49:10.462Z  > ?
    <Idle|MPos:-195.0000,-180.0000,-3.0000,0.0000,0.0000|WPos:-46.6000,-55.2000,62.1181,0.0000,0.0000|F:0.0,300.0,100.0|S:0.0,10000.0,100.0,0,29.7,24.6,0,0,0,0|T:0,0.000,-1|L:0, 0, 0, 0.0,100.0|C:3,1,0,0|E:0,0,0,692,7610|OTA:0,0>
    (1 frame(s), 911 ms)
2026-10-08T13:49:11.985Z  > G1 X-5 F300
    ok
    (1 frame(s), 1008 ms)
2026-10-08T13:49:13.224Z  > ?
    <Run|MPos:-199.2462,-180.0000,-3.0000,0.0000,0.0000|WPos:-50.8463,-55.2000,62.1181,0.0000,0.0000|F:300.0,300.0,100.0|S:0.0,10000.0,100.0,0,29.7,24.6,0,0,0,0|T:0,0.000,-1|L:0, 0, 0, 0.0,100.0|C:3,1,0,0|E:0,0,0,692,7610|OTA:0,0>
    (1 frame(s), 912 ms)
2026-10-08T13:49:14.554Z  > ?
    <Idle|MPos:-200.0000,-180.0000,-3.0000,0.0000,0.0000|WPos:-51.6000,-55.2000,62.1181,0.0000,0.0000|F:0.0,300.0,100.0|S:0.0,10000.0,100.0,0,29.7,24.6,0,0,0,0|T:0,0.000,-1|L:0, 0, 0, 0.0,100.0|C:3,1,0,0|E:0,0,0,692,7610|OTA:0,0>
    (1 frame(s), 917 ms)
2026-10-08T13:49:15.881Z  > ?
    <Idle|MPos:-200.0000,-180.0000,-3.0000,0.0000,0.0000|WPos:-51.6000,-55.2000,62.1181,0.0000,0.0000|F:0.0,300.0,100.0|S:0.0,10000.0,100.0,0,29.7,24.6,0,0,0,0|T:0,0.000,-1|L:0, 0, 0, 0.0,100.0|C:3,1,0,0|E:0,0,0,692,7610|OTA:0,0>
    (1 frame(s), 910 ms)
2026-10-08T13:49:17.414Z  > G1 X-5 F300
    ok
    (1 frame(s), 922 ms)
2026-10-08T13:49:18.518Z  > ?
    <Run|MPos:-204.1475,-180.0000,-3.0000,0.0000,0.0000|WPos:-55.7475,-55.2000,62.1181,0.0000,0.0000|F:300.0,300.0,100.0|S:0.0,10000.0,100.0,0,29.7,24.6,0,0,0,0|T:0,0.000,-1|L:0, 0, 0, 0.0,100.0|C:3,1,0,0|E:0,0,0,692,7610|OTA:0,0>
    (1 frame(s), 1011 ms)
2026-10-08T13:49:19.971Z  > ?
    <Idle|MPos:-205.0000,-180.0000,-3.0000,0.0000,0.0000|WPos:-56.6000,-55.2000,62.1181,0.0000,0.0000|F:0.0,300.0,100.0|S:0.0,10000.0,100.0,0,29.7,24.6,0,0,0,0|T:0,0.000,-1|L:0, 0, 0, 0.0,100.0|C:3,1,0,0|E:0,0,0,692,7610|OTA:0,0>
    (1 frame(s), 928 ms)
2026-10-08T13:49:21.306Z  > ?
    <Idle|MPos:-205.0000,-180.0000,-3.0000,0.0000,0.0000|WPos:-56.6000,-55.2000,62.1181,0.0000,0.0000|F:0.0,300.0,100.0|S:0.0,10000.0,100.0,0,29.7,24.6,0,0,0,0|T:0,0.000,-1|L:0, 0, 0, 0.0,100.0|C:3,1,0,0|E:0,0,0,692,7610|OTA:0,0>
    (1 frame(s), 982 ms)
2026-10-08T13:49:22.848Z  > G1 X-5 F300
    ok
    error:Soft Endstop X was exceeded - reset or $X or M999 required
    (3 frame(s), 902 ms)
2026-10-08T13:49:23.976Z  > ?
    <Alarm|MPos:-205.0000,-180.0000,-3.0000,0.0000,0.0000|WPos:-56.6000,-55.2000,62.1181,0.0000,0.0000|F:0.0,300.0,100.0|S:0.0,10000.0,100.0,0,29.7,24.6,0,0,0,0|T:0,0.000,-1|L:0, 0, 0, 0.0,100.0|H:10|C:3,1,0,0|E:0,0,0,692,7610|OTA:0,0>
    (1 frame(s), 927 ms)
2026-10-08T13:49:25.297Z  > ?
    <Alarm|MPos:-205.0000,-180.0000,-3.0000,0.0000,0.0000|WPos:-56.6000,-55.2000,62.1181,0.0000,0.0000|F:0.0,300.0,100.0|S:0.0,10000.0,100.0,0,29.7,24.6,0,0,0,0|T:0,0.000,-1|L:0, 0, 0, 0.0,100.0|H:10|C:3,1,0,0|E:0,0,0,692,7610|OTA:0,0>
    (1 frame(s), 1015 ms)
2026-10-08T13:49:26.529Z  > G90
    error:Alarm lock
    (1 frame(s), 1083 ms)
2026-10-08T13:49:27.759Z  > ?
    <Alarm|MPos:-205.0000,-180.0000,-3.0000,0.0000,0.0000|WPos:-56.6000,-55.2000,62.1181,0.0000,0.0000|F:0.0,300.0,100.0|S:0.0,10000.0,100.0,0,29.7,24.6,0,0,0,0|T:0,0.000,-1|L:0, 0, 0, 0.0,100.0|H:10|C:3,1,0,0|E:0,0,0,692,7610|OTA:0,0>
    (1 frame(s), 885 ms)
2026-10-08T13:49:44.231Z  > $X
    [Caution: Unlocked]
    ok
    (1 frame(s), 907 ms)
2026-10-08T13:49:45.368Z  > ?
    <Idle|MPos:-205.0000,-180.0000,-3.0000,0.0000,0.0000|WPos:-56.6000,-55.2000,62.1181,0.0000,0.0000|F:0.0,300.0,100.0|S:0.0,10000.0,100.0,0,29.8,24.6,0,0,0,0|T:0,0.000,-1|L:0, 0, 0, 0.0,100.0|C:3,1,0,0|E:0,0,0,692,7610|OTA:0,0>
    (1 frame(s), 998 ms)
2026-10-08T13:49:46.581Z  > G90
    ok
    (1 frame(s), 899 ms)
2026-10-08T13:49:47.628Z  > ?
    <Idle|MPos:-205.0000,-180.0000,-3.0000,0.0000,0.0000|WPos:-56.6000,-55.2000,62.1181,0.0000,0.0000|F:0.0,300.0,100.0|S:0.0,10000.0,100.0,0,29.8,24.6,0,0,0,0|T:0,0.000,-1|L:0, 0, 0, 0.0,100.0|C:3,1,0,1|E:0,0,0,692,7610|OTA:0,0>
    (1 frame(s), 904 ms)
2026-10-08T13:50:08.733Z  > G91
    ok
    (1 frame(s), 967 ms)
2026-10-08T13:50:09.946Z  > ?
    <Idle|MPos:-205.0000,-180.0000,-3.0000,0.0000,0.0000|WPos:-56.6000,-55.2000,62.1181,0.0000,0.0000|F:0.0,300.0,100.0|S:0.0,10000.0,100.0,0,29.8,24.6,0,0,0,0|T:0,0.000,-1|L:0, 0, 0, 0.0,100.0|C:3,1,0,0|E:0,0,0,692,7610|OTA:0,0>
    (1 frame(s), 890 ms)
2026-10-08T13:50:11.281Z  > ?
    <Idle|MPos:-205.0000,-180.0000,-3.0000,0.0000,0.0000|WPos:-56.6000,-55.2000,62.1181,0.0000,0.0000|F:0.0,300.0,100.0|S:0.0,10000.0,100.0,0,29.7,24.6,0,0,0,0|T:0,0.000,-1|L:0, 0, 0, 0.0,100.0|C:3,1,0,0|E:0,0,0,692,7610|OTA:0,0>
    (1 frame(s), 903 ms)
2026-10-08T13:50:12.484Z  > G1 Y-5 F300
    ok
    (1 frame(s), 1050 ms)
2026-10-08T13:50:13.713Z  > ?
    <Run|MPos:-205.0000,-184.1981,-3.0000,0.0000,0.0000|WPos:-56.6000,-59.3981,62.1181,0.0000,0.0000|F:300.0,300.0,100.0|S:0.0,10000.0,100.0,0,29.8,24.6,0,0,0,0|T:0,0.000,-1|L:0, 0, 0, 0.0,100.0|C:3,1,0,0|E:0,0,0,692,7610|OTA:0,0>
    (1 frame(s), 905 ms)
2026-10-08T13:50:15.062Z  > ?
    <Idle|MPos:-205.0000,-185.0000,-3.0000,0.0000,0.0000|WPos:-56.6000,-60.2000,62.1181,0.0000,0.0000|F:0.0,300.0,100.0|S:0.0,10000.0,100.0,0,29.8,24.6,0,0,0,0|T:0,0.000,-1|L:0, 0, 0, 0.0,100.0|C:3,1,0,0|E:0,0,0,692,7610|OTA:0,0>
    (1 frame(s), 910 ms)
2026-10-08T13:50:16.608Z  > ?
    <Idle|MPos:-205.0000,-185.0000,-3.0000,0.0000,0.0000|WPos:-56.6000,-60.2000,62.1181,0.0000,0.0000|F:0.0,300.0,100.0|S:0.0,10000.0,100.0,0,29.8,24.6,0,0,0,0|T:0,0.000,-1|L:0, 0, 0, 0.0,100.0|C:3,1,0,0|E:0,0,0,692,7610|OTA:0,0>
    (1 frame(s), 916 ms)
2026-10-08T13:50:18.160Z  > G1 Y-5 F300
    ok
    (1 frame(s), 1074 ms)
2026-10-08T13:50:19.494Z  > ?
    <Idle|MPos:-205.0000,-190.0000,-3.0000,0.0000,0.0000|WPos:-56.6000,-65.2000,62.1181,0.0000,0.0000|F:0.0,300.0,100.0|S:0.0,10000.0,100.0,0,29.8,24.6,0,0,0,0|T:0,0.000,-1|L:0, 0, 0, 0.0,100.0|C:3,1,0,0|E:0,0,0,692,7610|OTA:0,0>
    (1 frame(s), 1093 ms)
2026-10-08T13:50:21.204Z  > ?
    <Idle|MPos:-205.0000,-190.0000,-3.0000,0.0000,0.0000|WPos:-56.6000,-65.2000,62.1181,0.0000,0.0000|F:0.0,300.0,100.0|S:0.0,10000.0,100.0,0,29.8,24.6,0,0,0,0|T:0,0.000,-1|L:0, 0, 0, 0.0,100.0|C:3,1,0,0|E:0,0,0,692,7610|OTA:0,0>
    (1 frame(s), 991 ms)
2026-10-08T13:50:22.755Z  > G1 Y-5 F300
    ok
    (1 frame(s), 995 ms)
2026-10-08T13:50:23.972Z  > ?
    <Run|MPos:-205.0000,-194.0975,-3.0000,0.0000,0.0000|WPos:-56.6000,-69.2975,62.1181,0.0000,0.0000|F:300.0,300.0,100.0|S:0.0,10000.0,100.0,0,29.8,24.6,0,0,0,0|T:0,0.000,-1|L:0, 0, 0, 0.0,100.0|C:3,1,0,0|E:0,0,0,692,7610|OTA:0,0>
    (1 frame(s), 909 ms)
2026-10-08T13:50:25.308Z  > ?
    <Idle|MPos:-205.0000,-195.0000,-3.0000,0.0000,0.0000|WPos:-56.6000,-70.2000,62.1181,0.0000,0.0000|F:0.0,300.0,100.0|S:0.0,10000.0,100.0,0,29.7,24.6,0,0,0,0|T:0,0.000,-1|L:0, 0, 0, 0.0,100.0|C:3,1,0,0|E:0,0,0,692,7610|OTA:0,0>
    (1 frame(s), 901 ms)
2026-10-08T13:50:26.648Z  > ?
    <Idle|MPos:-205.0000,-195.0000,-3.0000,0.0000,0.0000|WPos:-56.6000,-70.2000,62.1181,0.0000,0.0000|F:0.0,300.0,100.0|S:0.0,10000.0,100.0,0,29.8,24.6,0,0,0,0|T:0,0.000,-1|L:0, 0, 0, 0.0,100.0|C:3,1,0,0|E:0,0,0,692,7610|OTA:0,0>
    (1 frame(s), 906 ms)
2026-10-08T13:50:28.170Z  > G1 Y-5 F300
    ok
    (1 frame(s), 990 ms)
2026-10-08T13:50:29.416Z  > ?
    <Run|MPos:-205.0000,-199.3419,-3.0000,0.0000,0.0000|WPos:-56.6000,-74.5419,62.1181,0.0000,0.0000|F:300.0,300.0,100.0|S:0.0,10000.0,100.0,0,29.8,24.5,0,0,0,0|T:0,0.000,-1|L:0, 0, 0, 0.0,100.0|C:3,1,0,0|E:0,0,0,692,7610|OTA:0,0>
    (1 frame(s), 967 ms)
2026-10-08T13:50:30.946Z  > ?
    <Idle|MPos:-205.0000,-200.0000,-3.0000,0.0000,0.0000|WPos:-56.6000,-75.2000,62.1181,0.0000,0.0000|F:0.0,300.0,100.0|S:0.0,10000.0,100.0,0,29.8,24.6,0,0,0,0|T:0,0.000,-1|L:0, 0, 0, 0.0,100.0|C:3,1,0,0|E:0,0,0,692,7610|OTA:0,0>
    (1 frame(s), 888 ms)
2026-10-08T13:50:32.267Z  > ?
    <Idle|MPos:-205.0000,-200.0000,-3.0000,0.0000,0.0000|WPos:-56.6000,-75.2000,62.1181,0.0000,0.0000|F:0.0,300.0,100.0|S:0.0,10000.0,100.0,0,29.8,24.5,0,0,0,0|T:0,0.000,-1|L:0, 0, 0, 0.0,100.0|C:3,1,0,0|E:0,0,0,692,7610|OTA:0,0>
    (1 frame(s), 882 ms)
2026-10-08T13:50:33.705Z  > G1 Y-5 F300
    ok
    (1 frame(s), 981 ms)
2026-10-08T13:50:34.835Z  > ?
    <Run|MPos:-205.0000,-203.7019,-3.0000,0.0000,0.0000|WPos:-56.6000,-78.9019,62.1181,0.0000,0.0000|F:300.0,300.0,100.0|S:0.0,10000.0,100.0,0,29.8,24.6,0,0,0,0|T:0,0.000,-1|L:0, 0, 0, 0.0,100.0|C:3,1,0,0|E:0,0,0,692,7610|OTA:0,0>
    (1 frame(s), 915 ms)
2026-10-08T13:50:36.157Z  > ?
    <Idle|MPos:-205.0000,-205.0000,-3.0000,0.0000,0.0000|WPos:-56.6000,-80.2000,62.1181,0.0000,0.0000|F:0.0,300.0,100.0|S:0.0,10000.0,100.0,0,29.8,24.6,0,0,0,0|T:0,0.000,-1|L:0, 0, 0, 0.0,100.0|C:3,1,0,0|E:0,0,0,692,7610|OTA:0,0>
    (1 frame(s), 924 ms)
2026-10-08T13:50:37.497Z  > ?
    <Idle|MPos:-205.0000,-205.0000,-3.0000,0.0000,0.0000|WPos:-56.6000,-80.2000,62.1181,0.0000,0.0000|F:0.0,300.0,100.0|S:0.0,10000.0,100.0,0,29.8,24.6,0,0,0,0|T:0,0.000,-1|L:0, 0, 0, 0.0,100.0|C:3,1,0,0|E:0,0,0,692,7610|OTA:0,0>
    (1 frame(s), 925 ms)
2026-10-08T13:50:39.019Z  > G1 Y-5 F300
    ok
    error:Soft Endstop Y was exceeded - reset or $X or M999 required
    (3 frame(s), 1002 ms)
2026-10-08T13:50:40.257Z  > ?
    <Alarm|MPos:-205.0000,-205.0000,-3.0000,0.0000,0.0000|WPos:-56.6000,-80.2000,62.1181,0.0000,0.0000|F:0.0,300.0,100.0|S:0.0,10000.0,100.0,0,29.8,24.5,0,0,0,0|T:0,0.000,-1|L:0, 0, 0, 0.0,100.0|H:10|C:3,1,0,0|E:0,0,0,692,7610|OTA:0,0>
    (1 frame(s), 924 ms)
2026-10-08T13:50:41.589Z  > ?
    <Alarm|MPos:-205.0000,-205.0000,-3.0000,0.0000,0.0000|WPos:-56.6000,-80.2000,62.1181,0.0000,0.0000|F:0.0,300.0,100.0|S:0.0,10000.0,100.0,0,29.8,24.6,0,0,0,0|T:0,0.000,-1|L:0, 0, 0, 0.0,100.0|H:10|C:3,1,0,0|E:0,0,0,692,7610|OTA:0,0>
    (1 frame(s), 912 ms)
2026-10-08T13:50:42.720Z  > G90
    error:Alarm lock
    (1 frame(s), 979 ms)
2026-10-08T13:50:43.945Z  > ?
    <Alarm|MPos:-205.0000,-205.0000,-3.0000,0.0000,0.0000|WPos:-56.6000,-80.2000,62.1181,0.0000,0.0000|F:0.0,300.0,100.0|S:0.0,10000.0,100.0,0,29.8,24.6,0,0,0,0|T:0,0.000,-1|L:0, 0, 0, 0.0,100.0|H:10|C:3,1,0,0|E:0,0,0,692,7610|OTA:0,0>
    (1 frame(s), 916 ms)
2026-10-08T13:51:20.814Z  > $X
    [Caution: Unlocked]
    ok
    (1 frame(s), 1014 ms)
2026-10-08T13:51:22.047Z  > G90
    ok
    (1 frame(s), 922 ms)
2026-10-08T13:51:23.162Z  > ?
    <Idle|MPos:-205.0000,-205.0000,-3.0000,0.0000,0.0000|WPos:-56.6000,-80.2000,62.1181,0.0000,0.0000|F:0.0,300.0,100.0|S:0.0,10000.0,100.0,0,29.8,24.6,0,0,0,0|T:0,0.000,-1|L:0, 0, 0, 0.0,100.0|C:3,1,0,1|E:0,0,0,692,7610|OTA:0,0>
    (1 frame(s), 892 ms)
2026-10-08T13:51:41.105Z  > G28
    ok
    G28 means goto clearance position on CARVERA
    (2 frame(s), 987 ms)
2026-10-08T13:51:42.411Z  > ?
    <Run|MPos:-183.6013,-183.9331,-3.0000,0.0000,0.0000|WPos:-35.2013,-59.1331,62.1181,0.0000,0.0000|F:1683.9,2000.0,100.0|S:0.0,10000.0,100.0,0,29.8,24.6,0,0,0,0|T:0,0.000,-1|L:0, 0, 0, 0.0,100.0|C:3,1,0,1|E:0,0,0,692,7610|OTA:0,0>
    (1 frame(s), 917 ms)
2026-10-08T13:51:43.826Z  > ?
    <Run|MPos:-159.6962,-160.3987,-3.0000,0.0000,0.0000|WPos:-11.2962,-35.5987,62.1181,0.0000,0.0000|F:1683.9,2000.0,100.0|S:0.0,10000.0,100.0,0,29.8,24.6,0,0,0,0|T:0,0.000,-1|L:0, 0, 0, 0.0,100.0|C:3,1,0,1|E:0,0,0,692,7610|OTA:0,0>
    (1 frame(s), 944 ms)
2026-10-08T13:51:45.193Z  > ?
    <Run|MPos:-123.8394,-125.0981,-3.0000,0.0000,0.0000|WPos:24.5606,-0.2981,62.1181,0.0000,0.0000|F:1683.9,2000.0,100.0|S:0.0,10000.0,100.0,0,29.8,24.6,0,0,0,0|T:0,0.000,-1|L:0, 0, 0, 0.0,100.0|C:3,1,0,1|E:0,0,0,692,7610|OTA:0,0>
    (1 frame(s), 1272 ms)
2026-10-08T13:51:46.927Z  > ?
    <Run|MPos:-93.9587,-95.6813,-3.0000,0.0000,0.0000|WPos:54.4412,29.1188,62.1181,0.0000,0.0000|F:1683.9,2000.0,100.0|S:0.0,10000.0,100.0,0,29.8,24.6,0,0,0,0|T:0,0.000,-1|L:0, 0, 0, 0.0,100.0|C:3,1,0,1|E:0,0,0,692,7610|OTA:0,0>
    (1 frame(s), 897 ms)
2026-10-08T13:51:48.331Z  > ?
    <Run|MPos:-70.0544,-72.1469,-3.0000,0.0000,0.0000|WPos:78.3456,52.6531,62.1181,0.0000,0.0000|F:1683.9,2000.0,100.0|S:0.0,10000.0,100.0,0,29.8,24.6,0,0,0,0|T:0,0.000,-1|L:0, 0, 0, 0.0,100.0|C:3,1,0,1|E:0,0,0,692,7610|OTA:0,0>
    (1 frame(s), 928 ms)
2026-10-08T13:51:49.688Z  > ?
    <Run|MPos:-40.1738,-42.7300,-3.0000,0.0000,0.0000|WPos:108.2262,82.0700,62.1181,0.0000,0.0000|F:1683.9,2000.0,100.0|S:0.0,10000.0,100.0,0,29.8,24.6,0,0,0,0|T:0,0.000,-1|L:0, 0, 0, 0.0,100.0|C:3,1,0,1|E:0,0,0,692,7610|OTA:0,0>
    (1 frame(s), 1000 ms)
2026-10-08T13:51:51.108Z  > ?
    <Run|MPos:-11.6425,-14.6419,-3.0000,0.0000,0.0000|WPos:136.7575,110.1581,62.1181,0.0000,0.0000|F:1683.9,2000.0,100.0|S:0.0,10000.0,100.0,0,29.8,24.6,0,0,0,0|T:0,0.000,-1|L:0, 0, 0, 0.0,100.0|C:3,1,0,1|E:0,0,0,692,7610|OTA:0,0>
    (1 frame(s), 935 ms)
2026-10-08T13:51:52.464Z  > ?
    <Idle|MPos:-11.6000,-14.6000,-3.0000,0.0000,0.0000|WPos:136.8000,110.2000,62.1181,0.0000,0.0000|F:0.0,2000.0,100.0|S:0.0,10000.0,100.0,0,29.8,24.6,0,0,0,0|T:0,0.000,-1|L:0, 0, 0, 0.0,100.0|C:3,1,0,1|E:0,0,0,692,7610|OTA:0,0>
    (1 frame(s), 1011 ms)
2026-10-08T13:51:53.895Z  > ?
    <Idle|MPos:-11.6000,-14.6000,-3.0000,0.0000,0.0000|WPos:136.8000,110.2000,62.1181,0.0000,0.0000|F:0.0,2000.0,100.0|S:0.0,10000.0,100.0,0,29.8,24.5,0,0,0,0|T:0,0.000,-1|L:0, 0, 0, 0.0,100.0|C:3,1,0,1|E:0,0,0,692,7610|OTA:0,0>
    (1 frame(s), 905 ms)
2026-10-08T13:51:55.215Z  > ?
    <Idle|MPos:-11.6000,-14.6000,-3.0000,0.0000,0.0000|WPos:136.8000,110.2000,62.1181,0.0000,0.0000|F:0.0,2000.0,100.0|S:0.0,10000.0,100.0,0,29.8,24.6,0,0,0,0|T:0,0.000,-1|L:0, 0, 0, 0.0,100.0|C:3,1,0,1|E:0,0,0,692,7610|OTA:0,0>
    (1 frame(s), 984 ms)
